// Jest Snapshot v1, https://goo.gl/fbAQLP

exports[`should match snapshot 1`] = `
Object {
  "asFragment": [Function],
  "baseElement": <body>
    <div>
      <div
        class="container-fluid MuiBox-root css-0"
      >
        <div
          class="makeStyles-frame-1 MuiBox-root css-0"
        >
          <div
            class="makeStyles-fixed-2 MuiBox-root css-0"
          >
            <div
              class="makeStyles-breadcrumb-3 MuiBox-root css-0"
            >
              <nav
                aria-label="breadcrumb"
                class="MuiTypography-root MuiTypography-body1 MuiBreadcrumbs-root css-63vwl1-MuiTypography-root-MuiBreadcrumbs-root"
              >
                <ol
                  class="MuiBreadcrumbs-ol css-4pdmu4-MuiBreadcrumbs-ol"
                >
                  <li
                    class="MuiBreadcrumbs-li"
                  >
                    <a
                      class="MuiTypography-root MuiTypography-body1 css-ahj2mt-MuiTypography-root"
                      href="/new-ui/"
                    >
                      Top
                    </a>
                  </li>
                  <li
                    aria-hidden="true"
                    class="MuiBreadcrumbs-separator css-1wuw8dw-MuiBreadcrumbs-separator"
                  >
                    /
                  </li>
                  <li
                    class="MuiBreadcrumbs-li"
                  >
                    <a
                      class="MuiTypography-root MuiTypography-body1 css-ahj2mt-MuiTypography-root"
                      href="/new-ui/roles"
                    >
                      ロール管理
                    </a>
                  </li>
                  <li
                    aria-hidden="true"
                    class="MuiBreadcrumbs-separator css-1wuw8dw-MuiBreadcrumbs-separator"
                  >
                    /
                  </li>
                  <li
                    class="MuiBreadcrumbs-li"
                  >
                    <p
                      class="MuiTypography-root MuiTypography-body1 css-1gqyz35-MuiTypography-root"
                    >
                      ロール編集
                    </p>
                  </li>
                </ol>
              </nav>
            </div>
          </div>
        </div>
        <div
          class="makeStyles-frame-4 MuiBox-root css-0"
        >
          <div
            class="makeStyles-fixed-5 MuiBox-root css-0"
          >
            <div
              class="makeStyles-headerTop-6 MuiBox-root css-0"
            >
              <div
                class="makeStyles-titleBox-8 MuiBox-root css-0"
              >
                <h2
                  class="MuiTypography-root MuiTypography-h2 makeStyles-title-9 css-1l0a44s-MuiTypography-root"
                >
                  ロール編集
                </h2>
                <h4
                  class="MuiTypography-root MuiTypography-h4 css-1yvpk5c-MuiTypography-root"
                />
              </div>
              <div
                class="MuiBox-root css-zdpt2t"
              />
            </div>
            <div
              class="makeStyles-headerBottom-7 MuiBox-root css-0"
            >
              <p
                class="MuiTypography-root MuiTypography-body1 css-ahj2mt-MuiTypography-root"
              />
              <div
                class="MuiBox-root css-zdpt2t"
              >
                <div
                  class="MuiBox-root css-1l4w6pd"
                >
                  <div
                    class="MuiBox-root css-qbrse1"
                  >
                    <button
                      class="MuiButton-root MuiButton-contained MuiButton-containedSecondary MuiButton-sizeMedium MuiButton-containedSizeMedium MuiButtonBase-root Mui-disabled  css-zcbmsk-MuiButtonBase-root-MuiButton-root"
                      disabled=""
                      tabindex="-1"
                      type="button"
                    >
                      保存
                    </button>
                  </div>
                  <div
                    class="MuiBox-root css-qbrse1"
                  >
                    <button
                      class="MuiButton-root MuiButton-outlined MuiButton-outlinedPrimary MuiButton-sizeMedium MuiButton-outlinedSizeMedium MuiButtonBase-root  css-1rwt2y5-MuiButtonBase-root-MuiButton-root"
                      tabindex="0"
                      type="button"
                    >
                      キャンセル
                      <span
                        class="MuiTouchRipple-root css-8je8zh-MuiTouchRipple-root"
                      />
                    </button>
                  </div>
                </div>
              </div>
            </div>
            <hr
              class="MuiDivider-root MuiDivider-fullWidth MuiDivider-flexItem css-ez40jo-MuiDivider-root"
            />
          </div>
        </div>
        <div
          class="MuiBox-root css-ao096t"
        >
          <div
            class="MuiBox-root css-0"
          >
            <div
              class="MuiBox-root css-0"
            >
              <table
                class="MuiTable-root table table-bordered css-rqglhn-MuiTable-root"
              >
                <thead
                  class="MuiTableHead-root css-15wwp11-MuiTableHead-root"
                >
                  <tr
                    class="MuiTableRow-root MuiTableRow-head css-sabv7l-MuiTableRow-root"
                  >
                    <th
                      class="MuiTableCell-root MuiTableCell-head MuiTableCell-sizeMedium css-qs7hxv-MuiTableCell-root"
                      scope="col"
                    >
                      項目
                    </th>
                    <th
                      class="MuiTableCell-root MuiTableCell-head MuiTableCell-sizeMedium css-qs7hxv-MuiTableCell-root"
                      scope="col"
                    >
                      内容
                    </th>
                  </tr>
                </thead>
                <tbody
                  class="MuiTableBody-root css-apqrd9-MuiTableBody-root"
                >
                  <tr
                    class="MuiTableRow-root css-1q1u3t4-MuiTableRow-root"
                  >
                    <td
                      class="MuiTableCell-root MuiTableCell-body MuiTableCell-sizeMedium css-1ex1afd-MuiTableCell-root"
                    >
                      ロール名
                    </td>
                    <td
                      class="MuiTableCell-root MuiTableCell-body MuiTableCell-sizeMedium css-1ex1afd-MuiTableCell-root"
                    >
                      <div
                        class="MuiInput-root MuiInput-underline MuiInputBase-root MuiInputBase-colorPrimary css-zt92jh-MuiInputBase-root-MuiInput-root"
                      >
                        <input
                          class="MuiInput-input MuiInputBase-input css-1x51dt5-MuiInputBase-input-MuiInput-input"
                          type="text"
                          value=""
                        />
                      </div>
                    </td>
                  </tr>
                  <tr
                    class="MuiTableRow-root css-1q1u3t4-MuiTableRow-root"
                  >
                    <td
                      class="MuiTableCell-root MuiTableCell-body MuiTableCell-sizeMedium css-1ex1afd-MuiTableCell-root"
                    >
                      備考
                    </td>
                    <td
                      class="MuiTableCell-root MuiTableCell-body MuiTableCell-sizeMedium css-1ex1afd-MuiTableCell-root"
                    >
                      <div
                        class="MuiInput-root MuiInput-underline MuiInputBase-root MuiInputBase-colorPrimary css-zt92jh-MuiInputBase-root-MuiInput-root"
                      >
                        <input
                          class="MuiInput-input MuiInputBase-input css-1x51dt5-MuiInputBase-input-MuiInput-input"
                          type="text"
                          value=""
                        />
                      </div>
                    </td>
                  </tr>
                </tbody>
              </table>
            </div>
            <div
              class="MuiBox-root css-h8m1q6"
            >
              <div
                class="MuiBox-root css-zitybv"
              >
                <h4
                  class="MuiTypography-root MuiTypography-h4 MuiTypography-alignCenter css-qtllij-MuiTypography-root"
                >
                  ユーザ/グループを登録
                </h4>
                <h6
                  class="MuiTypography-root MuiTypography-h6 MuiTypography-alignCenter css-1chhaob-MuiTypography-root"
                >
                  ロール管理するグループまたはユーザを登録してください。
                </h6>
              </div>
              <div
                class="MuiBox-root css-z727b5"
              >
                <p
                  class="MuiTypography-root MuiTypography-body1 MuiTypography-alignLeft css-21vhxv-MuiTypography-root"
                >
                  グループ登録
                </p>
                <table
                  class="MuiTable-root css-rqglhn-MuiTable-root"
                >
                  <thead
                    class="MuiTableHead-root css-15wwp11-MuiTableHead-root"
                  >
                    <tr
                      class="MuiTableRow-root MuiTableRow-head css-sabv7l-MuiTableRow-root"
                    >
                      <th
                        class="MuiTableCell-root MuiTableCell-head MuiTableCell-sizeMedium css-qs7hxv-MuiTableCell-root"
                        scope="col"
                      >
                        項目
                      </th>
                      <th
                        class="MuiTableCell-root MuiTableCell-head MuiTableCell-sizeMedium css-qs7hxv-MuiTableCell-root"
                        scope="col"
                      >
                        内容
                      </th>
                      <th
                        class="MuiTableCell-root MuiTableCell-head MuiTableCell-sizeMedium css-1ygcj2i-MuiTableCell-root"
                        scope="col"
                      />
                    </tr>
                  </thead>
                  <tbody
                    class="MuiTableBody-root css-apqrd9-MuiTableBody-root"
                  >
                    <tr
                      class="MuiTableRow-root css-1q1u3t4-MuiTableRow-root"
                    >
                      <td
                        class="MuiTableCell-root MuiTableCell-body MuiTableCell-sizeMedium css-1ex1afd-MuiTableCell-root"
                      >
                        管理者
                      </td>
                      <td
                        class="MuiTableCell-root MuiTableCell-body MuiTableCell-sizeMedium css-1ex1afd-MuiTableCell-root"
                      >
                        <div
                          class="MuiAutocomplete-root MuiAutocomplete-hasPopupIcon css-16awh2u-MuiAutocomplete-root"
                        >
                          <div
                            class="MuiFormControl-root MuiFormControl-fullWidth MuiTextField-root css-wb57ya-MuiFormControl-root-MuiTextField-root"
                          >
                            <div
                              class="MuiOutlinedInput-root MuiInputBase-root MuiInputBase-colorPrimary MuiInputBase-fullWidth MuiInputBase-formControl MuiInputBase-adornedEnd MuiAutocomplete-inputRoot css-154xyx0-MuiInputBase-root-MuiOutlinedInput-root"
                            >
                              <input
                                aria-autocomplete="list"
                                aria-expanded="false"
                                aria-invalid="false"
                                autocapitalize="none"
                                autocomplete="off"
                                class="MuiOutlinedInput-input MuiInputBase-input MuiInputBase-inputAdornedEnd MuiAutocomplete-input MuiAutocomplete-inputFocused css-nxo287-MuiInputBase-input-MuiOutlinedInput-input"
                                id="mui-2"
                                role="combobox"
                                spellcheck="false"
                                type="text"
                                value=""
                              />
                              <div
                                class="MuiAutocomplete-endAdornment css-1q60rmi-MuiAutocomplete-endAdornment"
                              >
                                <button
                                  aria-label="Open"
                                  class="MuiButtonBase-root MuiIconButton-root MuiIconButton-sizeMedium MuiAutocomplete-popupIndicator css-qzbt6i-MuiButtonBase-root-MuiIconButton-root-MuiAutocomplete-popupIndicator"
                                  tabindex="-1"
                                  title="Open"
                                  type="button"
                                >
                                  <svg
                                    aria-hidden="true"
                                    class="MuiSvgIcon-root MuiSvgIcon-fontSizeMedium css-i4bv87-MuiSvgIcon-root"
                                    data-testid="ArrowDropDownIcon"
                                    focusable="false"
                                    viewBox="0 0 24 24"
                                  >
                                    <path
                                      d="M7 10l5 5 5-5z"
                                    />
                                  </svg>
                                  <span
                                    class="MuiTouchRipple-root css-8je8zh-MuiTouchRipple-root"
                                  />
                                </button>
                              </div>
                              <fieldset
                                aria-hidden="true"
                                class="MuiOutlinedInput-notchedOutline css-1d3z3hw-MuiOutlinedInput-notchedOutline"
                              >
                                <legend
                                  class="css-hdw1oc"
                                >
                                  <span
                                    class="notranslate"
                                  >
                                    ​
                                  </span>
                                </legend>
                              </fieldset>
                            </div>
                          </div>
                        </div>
                      </td>
                    </tr>
                    <tr
                      class="MuiTableRow-root css-1q1u3t4-MuiTableRow-root"
                    >
                      <td
                        class="MuiTableCell-root MuiTableCell-body MuiTableCell-sizeMedium css-1ex1afd-MuiTableCell-root"
                      >
                        メンバー
                      </td>
                      <td
                        class="MuiTableCell-root MuiTableCell-body MuiTableCell-sizeMedium css-1ex1afd-MuiTableCell-root"
                      >
                        <div
                          class="MuiAutocomplete-root MuiAutocomplete-hasPopupIcon css-16awh2u-MuiAutocomplete-root"
                        >
                          <div
                            class="MuiFormControl-root MuiFormControl-fullWidth MuiTextField-root css-wb57ya-MuiFormControl-root-MuiTextField-root"
                          >
                            <div
                              class="MuiOutlinedInput-root MuiInputBase-root MuiInputBase-colorPrimary MuiInputBase-fullWidth MuiInputBase-formControl MuiInputBase-adornedEnd MuiAutocomplete-inputRoot css-154xyx0-MuiInputBase-root-MuiOutlinedInput-root"
                            >
                              <input
                                aria-autocomplete="list"
                                aria-expanded="false"
                                aria-invalid="false"
                                autocapitalize="none"
                                autocomplete="off"
                                class="MuiOutlinedInput-input MuiInputBase-input MuiInputBase-inputAdornedEnd MuiAutocomplete-input MuiAutocomplete-inputFocused css-nxo287-MuiInputBase-input-MuiOutlinedInput-input"
                                id="mui-4"
                                role="combobox"
                                spellcheck="false"
                                type="text"
                                value=""
                              />
                              <div
                                class="MuiAutocomplete-endAdornment css-1q60rmi-MuiAutocomplete-endAdornment"
                              >
                                <button
                                  aria-label="Open"
                                  class="MuiButtonBase-root MuiIconButton-root MuiIconButton-sizeMedium MuiAutocomplete-popupIndicator css-qzbt6i-MuiButtonBase-root-MuiIconButton-root-MuiAutocomplete-popupIndicator"
                                  tabindex="-1"
                                  title="Open"
                                  type="button"
                                >
                                  <svg
                                    aria-hidden="true"
                                    class="MuiSvgIcon-root MuiSvgIcon-fontSizeMedium css-i4bv87-MuiSvgIcon-root"
                                    data-testid="ArrowDropDownIcon"
                                    focusable="false"
                                    viewBox="0 0 24 24"
                                  >
                                    <path
                                      d="M7 10l5 5 5-5z"
                                    />
                                  </svg>
                                  <span
                                    class="MuiTouchRipple-root css-8je8zh-MuiTouchRipple-root"
                                  />
                                </button>
                              </div>
                              <fieldset
                                aria-hidden="true"
                                class="MuiOutlinedInput-notchedOutline css-1d3z3hw-MuiOutlinedInput-notchedOutline"
                              >
                                <legend
                                  class="css-hdw1oc"
                                >
                                  <span
                                    class="notranslate"
                                  >
                                    ​
                                  </span>
                                </legend>
                              </fieldset>
                            </div>
                          </div>
                        </div>
                      </td>
                    </tr>
                  </tbody>
                </table>
              </div>
              <div
                class="MuiBox-root css-z727b5"
              >
                <p
                  class="MuiTypography-root MuiTypography-body1 MuiTypography-alignLeft css-21vhxv-MuiTypography-root"
                >
                  ユーザ登録
                </p>
                <table
                  class="MuiTable-root css-rqglhn-MuiTable-root"
                >
                  <thead
                    class="MuiTableHead-root css-15wwp11-MuiTableHead-root"
                  >
                    <tr
                      class="MuiTableRow-root MuiTableRow-head css-sabv7l-MuiTableRow-root"
                    >
                      <th
                        class="MuiTableCell-root MuiTableCell-head MuiTableCell-sizeMedium css-qs7hxv-MuiTableCell-root"
                        scope="col"
                      >
                        項目
                      </th>
                      <th
                        class="MuiTableCell-root MuiTableCell-head MuiTableCell-sizeMedium css-qs7hxv-MuiTableCell-root"
                        scope="col"
                      >
                        内容
                      </th>
                      <th
                        class="MuiTableCell-root MuiTableCell-head MuiTableCell-sizeMedium css-1ygcj2i-MuiTableCell-root"
                        scope="col"
                      />
                    </tr>
                  </thead>
                  <tbody
                    class="MuiTableBody-root css-apqrd9-MuiTableBody-root"
                  >
                    <tr
                      class="MuiTableRow-root css-1q1u3t4-MuiTableRow-root"
                    >
                      <td
                        class="MuiTableCell-root MuiTableCell-body MuiTableCell-sizeMedium css-1ex1afd-MuiTableCell-root"
                      >
                        管理者
                      </td>
                      <td
                        class="MuiTableCell-root MuiTableCell-body MuiTableCell-sizeMedium css-1ex1afd-MuiTableCell-root"
                      >
                        <div
                          class="MuiAutocomplete-root MuiAutocomplete-hasPopupIcon css-16awh2u-MuiAutocomplete-root"
                        >
                          <div
                            class="MuiFormControl-root MuiFormControl-fullWidth MuiTextField-root css-wb57ya-MuiFormControl-root-MuiTextField-root"
                          >
                            <div
                              class="MuiOutlinedInput-root MuiInputBase-root MuiInputBase-colorPrimary MuiInputBase-fullWidth MuiInputBase-formControl MuiInputBase-adornedEnd MuiAutocomplete-inputRoot css-154xyx0-MuiInputBase-root-MuiOutlinedInput-root"
                            >
                              <input
                                aria-autocomplete="list"
                                aria-expanded="false"
                                aria-invalid="false"
                                autocapitalize="none"
                                autocomplete="off"
                                class="MuiOutlinedInput-input MuiInputBase-input MuiInputBase-inputAdornedEnd MuiAutocomplete-input MuiAutocomplete-inputFocused css-nxo287-MuiInputBase-input-MuiOutlinedInput-input"
                                id="mui-6"
                                role="combobox"
                                spellcheck="false"
                                type="text"
                                value=""
                              />
                              <div
                                class="MuiAutocomplete-endAdornment css-1q60rmi-MuiAutocomplete-endAdornment"
                              >
                                <button
                                  aria-label="Open"
                                  class="MuiButtonBase-root MuiIconButton-root MuiIconButton-sizeMedium MuiAutocomplete-popupIndicator css-qzbt6i-MuiButtonBase-root-MuiIconButton-root-MuiAutocomplete-popupIndicator"
                                  tabindex="-1"
                                  title="Open"
                                  type="button"
                                >
                                  <svg
                                    aria-hidden="true"
                                    class="MuiSvgIcon-root MuiSvgIcon-fontSizeMedium css-i4bv87-MuiSvgIcon-root"
                                    data-testid="ArrowDropDownIcon"
                                    focusable="false"
                                    viewBox="0 0 24 24"
                                  >
                                    <path
                                      d="M7 10l5 5 5-5z"
                                    />
                                  </svg>
                                  <span
                                    class="MuiTouchRipple-root css-8je8zh-MuiTouchRipple-root"
                                  />
                                </button>
                              </div>
                              <fieldset
                                aria-hidden="true"
                                class="MuiOutlinedInput-notchedOutline css-1d3z3hw-MuiOutlinedInput-notchedOutline"
                              >
                                <legend
                                  class="css-hdw1oc"
                                >
                                  <span
                                    class="notranslate"
                                  >
                                    ​
                                  </span>
                                </legend>
                              </fieldset>
                            </div>
                          </div>
                        </div>
                      </td>
                    </tr>
                    <tr
                      class="MuiTableRow-root css-1q1u3t4-MuiTableRow-root"
                    >
                      <td
                        class="MuiTableCell-root MuiTableCell-body MuiTableCell-sizeMedium css-1ex1afd-MuiTableCell-root"
                      >
                        メンバー
                      </td>
                      <td
                        class="MuiTableCell-root MuiTableCell-body MuiTableCell-sizeMedium css-1ex1afd-MuiTableCell-root"
                      >
                        <div
                          class="MuiAutocomplete-root MuiAutocomplete-hasPopupIcon css-16awh2u-MuiAutocomplete-root"
                        >
                          <div
                            class="MuiFormControl-root MuiFormControl-fullWidth MuiTextField-root css-wb57ya-MuiFormControl-root-MuiTextField-root"
                          >
                            <div
                              class="MuiOutlinedInput-root MuiInputBase-root MuiInputBase-colorPrimary MuiInputBase-fullWidth MuiInputBase-formControl MuiInputBase-adornedEnd MuiAutocomplete-inputRoot css-154xyx0-MuiInputBase-root-MuiOutlinedInput-root"
                            >
                              <input
                                aria-autocomplete="list"
                                aria-expanded="false"
                                aria-invalid="false"
                                autocapitalize="none"
                                autocomplete="off"
                                class="MuiOutlinedInput-input MuiInputBase-input MuiInputBase-inputAdornedEnd MuiAutocomplete-input MuiAutocomplete-inputFocused css-nxo287-MuiInputBase-input-MuiOutlinedInput-input"
                                id="mui-8"
                                role="combobox"
                                spellcheck="false"
                                type="text"
                                value=""
                              />
                              <div
                                class="MuiAutocomplete-endAdornment css-1q60rmi-MuiAutocomplete-endAdornment"
                              >
                                <button
                                  aria-label="Open"
                                  class="MuiButtonBase-root MuiIconButton-root MuiIconButton-sizeMedium MuiAutocomplete-popupIndicator css-qzbt6i-MuiButtonBase-root-MuiIconButton-root-MuiAutocomplete-popupIndicator"
                                  tabindex="-1"
                                  title="Open"
                                  type="button"
                                >
                                  <svg
                                    aria-hidden="true"
                                    class="MuiSvgIcon-root MuiSvgIcon-fontSizeMedium css-i4bv87-MuiSvgIcon-root"
                                    data-testid="ArrowDropDownIcon"
                                    focusable="false"
                                    viewBox="0 0 24 24"
                                  >
                                    <path
                                      d="M7 10l5 5 5-5z"
                                    />
                                  </svg>
                                  <span
                                    class="MuiTouchRipple-root css-8je8zh-MuiTouchRipple-root"
                                  />
                                </button>
                              </div>
                              <fieldset
                                aria-hidden="true"
                                class="MuiOutlinedInput-notchedOutline css-1d3z3hw-MuiOutlinedInput-notchedOutline"
                              >
                                <legend
                                  class="css-hdw1oc"
                                >
                                  <span
                                    class="notranslate"
                                  >
                                    ​
                                  </span>
                                </legend>
                              </fieldset>
                            </div>
                          </div>
                        </div>
                      </td>
                    </tr>
                  </tbody>
                </table>
              </div>
            </div>
          </div>
        </div>
      </div>
    </div>
  </body>,
  "container": <div>
    <div
      class="container-fluid MuiBox-root css-0"
    >
      <div
        class="makeStyles-frame-1 MuiBox-root css-0"
      >
        <div
          class="makeStyles-fixed-2 MuiBox-root css-0"
        >
          <div
            class="makeStyles-breadcrumb-3 MuiBox-root css-0"
          >
            <nav
              aria-label="breadcrumb"
              class="MuiTypography-root MuiTypography-body1 MuiBreadcrumbs-root css-63vwl1-MuiTypography-root-MuiBreadcrumbs-root"
            >
              <ol
                class="MuiBreadcrumbs-ol css-4pdmu4-MuiBreadcrumbs-ol"
              >
                <li
                  class="MuiBreadcrumbs-li"
                >
                  <a
                    class="MuiTypography-root MuiTypography-body1 css-ahj2mt-MuiTypography-root"
                    href="/new-ui/"
                  >
                    Top
                  </a>
                </li>
                <li
                  aria-hidden="true"
                  class="MuiBreadcrumbs-separator css-1wuw8dw-MuiBreadcrumbs-separator"
                >
                  /
                </li>
                <li
                  class="MuiBreadcrumbs-li"
                >
                  <a
                    class="MuiTypography-root MuiTypography-body1 css-ahj2mt-MuiTypography-root"
                    href="/new-ui/roles"
                  >
                    ロール管理
                  </a>
                </li>
                <li
                  aria-hidden="true"
                  class="MuiBreadcrumbs-separator css-1wuw8dw-MuiBreadcrumbs-separator"
                >
                  /
                </li>
                <li
                  class="MuiBreadcrumbs-li"
                >
                  <p
                    class="MuiTypography-root MuiTypography-body1 css-1gqyz35-MuiTypography-root"
                  >
                    ロール編集
                  </p>
                </li>
              </ol>
            </nav>
          </div>
        </div>
      </div>
      <div
        class="makeStyles-frame-4 MuiBox-root css-0"
      >
        <div
          class="makeStyles-fixed-5 MuiBox-root css-0"
        >
          <div
            class="makeStyles-headerTop-6 MuiBox-root css-0"
          >
            <div
              class="makeStyles-titleBox-8 MuiBox-root css-0"
            >
              <h2
                class="MuiTypography-root MuiTypography-h2 makeStyles-title-9 css-1l0a44s-MuiTypography-root"
              >
                ロール編集
              </h2>
              <h4
                class="MuiTypography-root MuiTypography-h4 css-1yvpk5c-MuiTypography-root"
              />
            </div>
            <div
              class="MuiBox-root css-zdpt2t"
            />
          </div>
          <div
            class="makeStyles-headerBottom-7 MuiBox-root css-0"
          >
            <p
              class="MuiTypography-root MuiTypography-body1 css-ahj2mt-MuiTypography-root"
            />
            <div
              class="MuiBox-root css-zdpt2t"
            >
              <div
                class="MuiBox-root css-1l4w6pd"
              >
                <div
                  class="MuiBox-root css-qbrse1"
                >
                  <button
                    class="MuiButton-root MuiButton-contained MuiButton-containedSecondary MuiButton-sizeMedium MuiButton-containedSizeMedium MuiButtonBase-root Mui-disabled  css-zcbmsk-MuiButtonBase-root-MuiButton-root"
                    disabled=""
                    tabindex="-1"
                    type="button"
                  >
                    保存
                  </button>
                </div>
                <div
                  class="MuiBox-root css-qbrse1"
                >
                  <button
                    class="MuiButton-root MuiButton-outlined MuiButton-outlinedPrimary MuiButton-sizeMedium MuiButton-outlinedSizeMedium MuiButtonBase-root  css-1rwt2y5-MuiButtonBase-root-MuiButton-root"
                    tabindex="0"
                    type="button"
                  >
                    キャンセル
                    <span
                      class="MuiTouchRipple-root css-8je8zh-MuiTouchRipple-root"
                    />
                  </button>
                </div>
              </div>
            </div>
          </div>
          <hr
            class="MuiDivider-root MuiDivider-fullWidth MuiDivider-flexItem css-ez40jo-MuiDivider-root"
          />
        </div>
      </div>
      <div
        class="MuiBox-root css-ao096t"
      >
        <div
          class="MuiBox-root css-0"
        >
          <div
            class="MuiBox-root css-0"
          >
            <table
              class="MuiTable-root table table-bordered css-rqglhn-MuiTable-root"
            >
              <thead
                class="MuiTableHead-root css-15wwp11-MuiTableHead-root"
              >
                <tr
                  class="MuiTableRow-root MuiTableRow-head css-sabv7l-MuiTableRow-root"
                >
                  <th
                    class="MuiTableCell-root MuiTableCell-head MuiTableCell-sizeMedium css-qs7hxv-MuiTableCell-root"
                    scope="col"
                  >
                    項目
                  </th>
                  <th
                    class="MuiTableCell-root MuiTableCell-head MuiTableCell-sizeMedium css-qs7hxv-MuiTableCell-root"
                    scope="col"
                  >
                    内容
                  </th>
                </tr>
              </thead>
              <tbody
                class="MuiTableBody-root css-apqrd9-MuiTableBody-root"
              >
                <tr
                  class="MuiTableRow-root css-1q1u3t4-MuiTableRow-root"
                >
                  <td
                    class="MuiTableCell-root MuiTableCell-body MuiTableCell-sizeMedium css-1ex1afd-MuiTableCell-root"
                  >
                    ロール名
                  </td>
                  <td
                    class="MuiTableCell-root MuiTableCell-body MuiTableCell-sizeMedium css-1ex1afd-MuiTableCell-root"
                  >
                    <div
                      class="MuiInput-root MuiInput-underline MuiInputBase-root MuiInputBase-colorPrimary css-zt92jh-MuiInputBase-root-MuiInput-root"
                    >
                      <input
                        class="MuiInput-input MuiInputBase-input css-1x51dt5-MuiInputBase-input-MuiInput-input"
                        type="text"
                        value=""
                      />
                    </div>
                  </td>
                </tr>
                <tr
                  class="MuiTableRow-root css-1q1u3t4-MuiTableRow-root"
                >
                  <td
                    class="MuiTableCell-root MuiTableCell-body MuiTableCell-sizeMedium css-1ex1afd-MuiTableCell-root"
                  >
                    備考
                  </td>
                  <td
                    class="MuiTableCell-root MuiTableCell-body MuiTableCell-sizeMedium css-1ex1afd-MuiTableCell-root"
                  >
                    <div
                      class="MuiInput-root MuiInput-underline MuiInputBase-root MuiInputBase-colorPrimary css-zt92jh-MuiInputBase-root-MuiInput-root"
                    >
                      <input
                        class="MuiInput-input MuiInputBase-input css-1x51dt5-MuiInputBase-input-MuiInput-input"
                        type="text"
                        value=""
                      />
                    </div>
                  </td>
                </tr>
              </tbody>
            </table>
          </div>
          <div
            class="MuiBox-root css-h8m1q6"
          >
            <div
              class="MuiBox-root css-zitybv"
            >
              <h4
                class="MuiTypography-root MuiTypography-h4 MuiTypography-alignCenter css-qtllij-MuiTypography-root"
              >
                ユーザ/グループを登録
              </h4>
              <h6
                class="MuiTypography-root MuiTypography-h6 MuiTypography-alignCenter css-1chhaob-MuiTypography-root"
              >
                ロール管理するグループまたはユーザを登録してください。
              </h6>
            </div>
            <div
              class="MuiBox-root css-z727b5"
            >
              <p
                class="MuiTypography-root MuiTypography-body1 MuiTypography-alignLeft css-21vhxv-MuiTypography-root"
              >
                グループ登録
              </p>
              <table
                class="MuiTable-root css-rqglhn-MuiTable-root"
              >
                <thead
                  class="MuiTableHead-root css-15wwp11-MuiTableHead-root"
                >
                  <tr
                    class="MuiTableRow-root MuiTableRow-head css-sabv7l-MuiTableRow-root"
                  >
                    <th
                      class="MuiTableCell-root MuiTableCell-head MuiTableCell-sizeMedium css-qs7hxv-MuiTableCell-root"
                      scope="col"
                    >
                      項目
                    </th>
                    <th
                      class="MuiTableCell-root MuiTableCell-head MuiTableCell-sizeMedium css-qs7hxv-MuiTableCell-root"
                      scope="col"
                    >
                      内容
                    </th>
                    <th
                      class="MuiTableCell-root MuiTableCell-head MuiTableCell-sizeMedium css-1ygcj2i-MuiTableCell-root"
                      scope="col"
                    />
                  </tr>
                </thead>
                <tbody
                  class="MuiTableBody-root css-apqrd9-MuiTableBody-root"
                >
                  <tr
                    class="MuiTableRow-root css-1q1u3t4-MuiTableRow-root"
                  >
                    <td
                      class="MuiTableCell-root MuiTableCell-body MuiTableCell-sizeMedium css-1ex1afd-MuiTableCell-root"
                    >
                      管理者
                    </td>
                    <td
                      class="MuiTableCell-root MuiTableCell-body MuiTableCell-sizeMedium css-1ex1afd-MuiTableCell-root"
                    >
                      <div
                        class="MuiAutocomplete-root MuiAutocomplete-hasPopupIcon css-16awh2u-MuiAutocomplete-root"
                      >
                        <div
                          class="MuiFormControl-root MuiFormControl-fullWidth MuiTextField-root css-wb57ya-MuiFormControl-root-MuiTextField-root"
                        >
                          <div
                            class="MuiOutlinedInput-root MuiInputBase-root MuiInputBase-colorPrimary MuiInputBase-fullWidth MuiInputBase-formControl MuiInputBase-adornedEnd MuiAutocomplete-inputRoot css-154xyx0-MuiInputBase-root-MuiOutlinedInput-root"
                          >
                            <input
                              aria-autocomplete="list"
                              aria-expanded="false"
                              aria-invalid="false"
                              autocapitalize="none"
                              autocomplete="off"
                              class="MuiOutlinedInput-input MuiInputBase-input MuiInputBase-inputAdornedEnd MuiAutocomplete-input MuiAutocomplete-inputFocused css-nxo287-MuiInputBase-input-MuiOutlinedInput-input"
                              id="mui-2"
                              role="combobox"
                              spellcheck="false"
                              type="text"
                              value=""
                            />
                            <div
                              class="MuiAutocomplete-endAdornment css-1q60rmi-MuiAutocomplete-endAdornment"
                            >
                              <button
                                aria-label="Open"
                                class="MuiButtonBase-root MuiIconButton-root MuiIconButton-sizeMedium MuiAutocomplete-popupIndicator css-qzbt6i-MuiButtonBase-root-MuiIconButton-root-MuiAutocomplete-popupIndicator"
                                tabindex="-1"
                                title="Open"
                                type="button"
                              >
                                <svg
                                  aria-hidden="true"
                                  class="MuiSvgIcon-root MuiSvgIcon-fontSizeMedium css-i4bv87-MuiSvgIcon-root"
                                  data-testid="ArrowDropDownIcon"
                                  focusable="false"
                                  viewBox="0 0 24 24"
                                >
                                  <path
                                    d="M7 10l5 5 5-5z"
                                  />
                                </svg>
                                <span
                                  class="MuiTouchRipple-root css-8je8zh-MuiTouchRipple-root"
                                />
                              </button>
                            </div>
                            <fieldset
                              aria-hidden="true"
                              class="MuiOutlinedInput-notchedOutline css-1d3z3hw-MuiOutlinedInput-notchedOutline"
                            >
                              <legend
                                class="css-hdw1oc"
                              >
                                <span
                                  class="notranslate"
                                >
                                  ​
                                </span>
                              </legend>
                            </fieldset>
                          </div>
                        </div>
                      </div>
                    </td>
                  </tr>
                  <tr
                    class="MuiTableRow-root css-1q1u3t4-MuiTableRow-root"
                  >
                    <td
                      class="MuiTableCell-root MuiTableCell-body MuiTableCell-sizeMedium css-1ex1afd-MuiTableCell-root"
                    >
                      メンバー
                    </td>
                    <td
                      class="MuiTableCell-root MuiTableCell-body MuiTableCell-sizeMedium css-1ex1afd-MuiTableCell-root"
                    >
                      <div
                        class="MuiAutocomplete-root MuiAutocomplete-hasPopupIcon css-16awh2u-MuiAutocomplete-root"
                      >
                        <div
                          class="MuiFormControl-root MuiFormControl-fullWidth MuiTextField-root css-wb57ya-MuiFormControl-root-MuiTextField-root"
                        >
                          <div
                            class="MuiOutlinedInput-root MuiInputBase-root MuiInputBase-colorPrimary MuiInputBase-fullWidth MuiInputBase-formControl MuiInputBase-adornedEnd MuiAutocomplete-inputRoot css-154xyx0-MuiInputBase-root-MuiOutlinedInput-root"
                          >
                            <input
                              aria-autocomplete="list"
                              aria-expanded="false"
                              aria-invalid="false"
                              autocapitalize="none"
                              autocomplete="off"
                              class="MuiOutlinedInput-input MuiInputBase-input MuiInputBase-inputAdornedEnd MuiAutocomplete-input MuiAutocomplete-inputFocused css-nxo287-MuiInputBase-input-MuiOutlinedInput-input"
                              id="mui-4"
                              role="combobox"
                              spellcheck="false"
                              type="text"
                              value=""
                            />
                            <div
                              class="MuiAutocomplete-endAdornment css-1q60rmi-MuiAutocomplete-endAdornment"
                            >
                              <button
                                aria-label="Open"
                                class="MuiButtonBase-root MuiIconButton-root MuiIconButton-sizeMedium MuiAutocomplete-popupIndicator css-qzbt6i-MuiButtonBase-root-MuiIconButton-root-MuiAutocomplete-popupIndicator"
                                tabindex="-1"
                                title="Open"
                                type="button"
                              >
                                <svg
                                  aria-hidden="true"
                                  class="MuiSvgIcon-root MuiSvgIcon-fontSizeMedium css-i4bv87-MuiSvgIcon-root"
                                  data-testid="ArrowDropDownIcon"
                                  focusable="false"
                                  viewBox="0 0 24 24"
                                >
                                  <path
                                    d="M7 10l5 5 5-5z"
                                  />
                                </svg>
                                <span
                                  class="MuiTouchRipple-root css-8je8zh-MuiTouchRipple-root"
                                />
                              </button>
                            </div>
                            <fieldset
                              aria-hidden="true"
                              class="MuiOutlinedInput-notchedOutline css-1d3z3hw-MuiOutlinedInput-notchedOutline"
                            >
                              <legend
                                class="css-hdw1oc"
                              >
                                <span
                                  class="notranslate"
                                >
                                  ​
                                </span>
                              </legend>
                            </fieldset>
                          </div>
                        </div>
                      </div>
                    </td>
                  </tr>
                </tbody>
              </table>
            </div>
            <div
              class="MuiBox-root css-z727b5"
            >
              <p
                class="MuiTypography-root MuiTypography-body1 MuiTypography-alignLeft css-21vhxv-MuiTypography-root"
              >
                ユーザ登録
              </p>
              <table
                class="MuiTable-root css-rqglhn-MuiTable-root"
              >
                <thead
                  class="MuiTableHead-root css-15wwp11-MuiTableHead-root"
                >
                  <tr
                    class="MuiTableRow-root MuiTableRow-head css-sabv7l-MuiTableRow-root"
                  >
                    <th
                      class="MuiTableCell-root MuiTableCell-head MuiTableCell-sizeMedium css-qs7hxv-MuiTableCell-root"
                      scope="col"
                    >
                      項目
                    </th>
                    <th
                      class="MuiTableCell-root MuiTableCell-head MuiTableCell-sizeMedium css-qs7hxv-MuiTableCell-root"
                      scope="col"
                    >
                      内容
                    </th>
                    <th
                      class="MuiTableCell-root MuiTableCell-head MuiTableCell-sizeMedium css-1ygcj2i-MuiTableCell-root"
                      scope="col"
                    />
                  </tr>
                </thead>
                <tbody
                  class="MuiTableBody-root css-apqrd9-MuiTableBody-root"
                >
                  <tr
                    class="MuiTableRow-root css-1q1u3t4-MuiTableRow-root"
                  >
                    <td
                      class="MuiTableCell-root MuiTableCell-body MuiTableCell-sizeMedium css-1ex1afd-MuiTableCell-root"
                    >
                      管理者
                    </td>
                    <td
                      class="MuiTableCell-root MuiTableCell-body MuiTableCell-sizeMedium css-1ex1afd-MuiTableCell-root"
                    >
                      <div
                        class="MuiAutocomplete-root MuiAutocomplete-hasPopupIcon css-16awh2u-MuiAutocomplete-root"
                      >
                        <div
                          class="MuiFormControl-root MuiFormControl-fullWidth MuiTextField-root css-wb57ya-MuiFormControl-root-MuiTextField-root"
                        >
                          <div
                            class="MuiOutlinedInput-root MuiInputBase-root MuiInputBase-colorPrimary MuiInputBase-fullWidth MuiInputBase-formControl MuiInputBase-adornedEnd MuiAutocomplete-inputRoot css-154xyx0-MuiInputBase-root-MuiOutlinedInput-root"
                          >
                            <input
                              aria-autocomplete="list"
                              aria-expanded="false"
                              aria-invalid="false"
                              autocapitalize="none"
                              autocomplete="off"
                              class="MuiOutlinedInput-input MuiInputBase-input MuiInputBase-inputAdornedEnd MuiAutocomplete-input MuiAutocomplete-inputFocused css-nxo287-MuiInputBase-input-MuiOutlinedInput-input"
                              id="mui-6"
                              role="combobox"
                              spellcheck="false"
                              type="text"
                              value=""
                            />
                            <div
                              class="MuiAutocomplete-endAdornment css-1q60rmi-MuiAutocomplete-endAdornment"
                            >
                              <button
                                aria-label="Open"
                                class="MuiButtonBase-root MuiIconButton-root MuiIconButton-sizeMedium MuiAutocomplete-popupIndicator css-qzbt6i-MuiButtonBase-root-MuiIconButton-root-MuiAutocomplete-popupIndicator"
                                tabindex="-1"
                                title="Open"
                                type="button"
                              >
                                <svg
                                  aria-hidden="true"
                                  class="MuiSvgIcon-root MuiSvgIcon-fontSizeMedium css-i4bv87-MuiSvgIcon-root"
                                  data-testid="ArrowDropDownIcon"
                                  focusable="false"
                                  viewBox="0 0 24 24"
                                >
                                  <path
                                    d="M7 10l5 5 5-5z"
                                  />
                                </svg>
                                <span
                                  class="MuiTouchRipple-root css-8je8zh-MuiTouchRipple-root"
                                />
                              </button>
                            </div>
                            <fieldset
                              aria-hidden="true"
                              class="MuiOutlinedInput-notchedOutline css-1d3z3hw-MuiOutlinedInput-notchedOutline"
                            >
                              <legend
                                class="css-hdw1oc"
                              >
                                <span
                                  class="notranslate"
                                >
                                  ​
                                </span>
                              </legend>
                            </fieldset>
                          </div>
                        </div>
                      </div>
                    </td>
                  </tr>
                  <tr
                    class="MuiTableRow-root css-1q1u3t4-MuiTableRow-root"
                  >
                    <td
                      class="MuiTableCell-root MuiTableCell-body MuiTableCell-sizeMedium css-1ex1afd-MuiTableCell-root"
                    >
                      メンバー
                    </td>
                    <td
                      class="MuiTableCell-root MuiTableCell-body MuiTableCell-sizeMedium css-1ex1afd-MuiTableCell-root"
                    >
                      <div
                        class="MuiAutocomplete-root MuiAutocomplete-hasPopupIcon css-16awh2u-MuiAutocomplete-root"
                      >
                        <div
                          class="MuiFormControl-root MuiFormControl-fullWidth MuiTextField-root css-wb57ya-MuiFormControl-root-MuiTextField-root"
                        >
                          <div
                            class="MuiOutlinedInput-root MuiInputBase-root MuiInputBase-colorPrimary MuiInputBase-fullWidth MuiInputBase-formControl MuiInputBase-adornedEnd MuiAutocomplete-inputRoot css-154xyx0-MuiInputBase-root-MuiOutlinedInput-root"
                          >
                            <input
                              aria-autocomplete="list"
                              aria-expanded="false"
                              aria-invalid="false"
                              autocapitalize="none"
                              autocomplete="off"
                              class="MuiOutlinedInput-input MuiInputBase-input MuiInputBase-inputAdornedEnd MuiAutocomplete-input MuiAutocomplete-inputFocused css-nxo287-MuiInputBase-input-MuiOutlinedInput-input"
                              id="mui-8"
                              role="combobox"
                              spellcheck="false"
                              type="text"
                              value=""
                            />
                            <div
                              class="MuiAutocomplete-endAdornment css-1q60rmi-MuiAutocomplete-endAdornment"
                            >
                              <button
                                aria-label="Open"
                                class="MuiButtonBase-root MuiIconButton-root MuiIconButton-sizeMedium MuiAutocomplete-popupIndicator css-qzbt6i-MuiButtonBase-root-MuiIconButton-root-MuiAutocomplete-popupIndicator"
                                tabindex="-1"
                                title="Open"
                                type="button"
                              >
                                <svg
                                  aria-hidden="true"
                                  class="MuiSvgIcon-root MuiSvgIcon-fontSizeMedium css-i4bv87-MuiSvgIcon-root"
                                  data-testid="ArrowDropDownIcon"
                                  focusable="false"
                                  viewBox="0 0 24 24"
                                >
                                  <path
                                    d="M7 10l5 5 5-5z"
                                  />
                                </svg>
                                <span
                                  class="MuiTouchRipple-root css-8je8zh-MuiTouchRipple-root"
                                />
                              </button>
                            </div>
                            <fieldset
                              aria-hidden="true"
                              class="MuiOutlinedInput-notchedOutline css-1d3z3hw-MuiOutlinedInput-notchedOutline"
                            >
                              <legend
                                class="css-hdw1oc"
                              >
                                <span
                                  class="notranslate"
                                >
                                  ​
                                </span>
                              </legend>
                            </fieldset>
                          </div>
                        </div>
                      </div>
                    </td>
                  </tr>
                </tbody>
              </table>
            </div>
          </div>
        </div>
      </div>
    </div>
  </div>,
  "debug": [Function],
  "findAllByAltText": [Function],
  "findAllByDisplayValue": [Function],
  "findAllByLabelText": [Function],
  "findAllByPlaceholderText": [Function],
  "findAllByRole": [Function],
  "findAllByTestId": [Function],
  "findAllByText": [Function],
  "findAllByTitle": [Function],
  "findByAltText": [Function],
  "findByDisplayValue": [Function],
  "findByLabelText": [Function],
  "findByPlaceholderText": [Function],
  "findByRole": [Function],
  "findByTestId": [Function],
  "findByText": [Function],
  "findByTitle": [Function],
  "getAllByAltText": [Function],
  "getAllByDisplayValue": [Function],
  "getAllByLabelText": [Function],
  "getAllByPlaceholderText": [Function],
  "getAllByRole": [Function],
  "getAllByTestId": [Function],
  "getAllByText": [Function],
  "getAllByTitle": [Function],
  "getByAltText": [Function],
  "getByDisplayValue": [Function],
  "getByLabelText": [Function],
  "getByPlaceholderText": [Function],
  "getByRole": [Function],
  "getByTestId": [Function],
  "getByText": [Function],
  "getByTitle": [Function],
  "queryAllByAltText": [Function],
  "queryAllByDisplayValue": [Function],
  "queryAllByLabelText": [Function],
  "queryAllByPlaceholderText": [Function],
  "queryAllByRole": [Function],
  "queryAllByTestId": [Function],
  "queryAllByText": [Function],
  "queryAllByTitle": [Function],
  "queryByAltText": [Function],
  "queryByDisplayValue": [Function],
  "queryByLabelText": [Function],
  "queryByPlaceholderText": [Function],
  "queryByRole": [Function],
  "queryByTestId": [Function],
  "queryByText": [Function],
  "queryByTitle": [Function],
  "rerender": [Function],
  "unmount": [Function],
}
`;
