// Jest Snapshot v1, https://goo.gl/fbAQLP

exports[`should match snapshot 1`] = `
Object {
  "asFragment": [Function],
  "baseElement": <body>
    <div>
      <div
        class="MuiBox-root css-0"
      >
        <div
          class="MuiBox-root css-1l11j2j"
        >
          <div
            class="makeStyles-wrapper-3 MuiBox-root css-0"
          >
            <div
              class="MuiToolbar-root MuiToolbar-gutters MuiToolbar-regular css-1t29gy6-MuiToolbar-root"
            >
              <nav
                aria-label="breadcrumb"
                class="MuiTypography-root MuiTypography-body1 MuiBreadcrumbs-root css-63vwl1-MuiTypography-root-MuiBreadcrumbs-root"
              >
                <ol
                  class="MuiBreadcrumbs-ol css-4pdmu4-MuiBreadcrumbs-ol"
                >
                  <li
                    class="MuiBreadcrumbs-li"
                  >
                    <a
                      class="MuiTypography-root MuiTypography-body1 css-ahj2mt-MuiTypography-root"
                      href="/new-ui/"
                    >
                      Top
                    </a>
                  </li>
                  <li
                    aria-hidden="true"
                    class="MuiBreadcrumbs-separator css-1wuw8dw-MuiBreadcrumbs-separator"
                  >
                    /
                  </li>
                  <li
                    class="MuiBreadcrumbs-li"
                  >
                    <a
                      class="MuiTypography-root MuiTypography-body1 css-ahj2mt-MuiTypography-root"
                      href="/new-ui/entities"
                    >
                      エンティティ一覧
                    </a>
                  </li>
                  <li
                    aria-hidden="true"
                    class="MuiBreadcrumbs-separator css-1wuw8dw-MuiBreadcrumbs-separator"
                  >
                    /
                  </li>
                  <li
                    class="MuiBreadcrumbs-li"
                  >
                    <p
                      class="MuiTypography-root MuiTypography-body1 css-1gqyz35-MuiTypography-root"
                    >
                      新規エンティティの作成
                    </p>
                  </li>
                </ol>
              </nav>
            </div>
          </div>
        </div>
        <div
          class="MuiBox-root css-ca23fy"
        />
        <div
          class="MuiBox-root css-1l11j2j"
        >
          <div
            class="MuiBox-root css-tihedn"
          >
            <div
              class="MuiGrid-root MuiGrid-container css-11lq3yg-MuiGrid-root"
            >
              <div
                class="MuiGrid-root MuiGrid-item MuiGrid-grid-xs-10 css-1uzrzkv-MuiGrid-root"
              >
                <h2
                  class="MuiTypography-root MuiTypography-h2 css-1sra7t5-MuiTypography-root"
                >
                  新規エンティティの作成
                </h2>
              </div>
              <div
                class="MuiGrid-root MuiGrid-item MuiGrid-grid-xs-2 css-a0vo9r-MuiGrid-root"
              >
                <div
                  class="MuiBox-root css-17772hy"
                >
                  <div
                    class="MuiBox-root css-qbrse1"
                  >
                    <button
                      class="MuiButton-root MuiButton-contained MuiButton-containedSecondary MuiButton-sizeMedium MuiButton-containedSizeMedium MuiButtonBase-root Mui-disabled  css-zcbmsk-MuiButtonBase-root-MuiButton-root"
                      disabled=""
                      tabindex="-1"
                      type="button"
                    >
                      保存
                    </button>
                  </div>
                  <div
                    class="MuiBox-root css-qbrse1"
                  >
                    <button
                      class="MuiButton-root MuiButton-outlined MuiButton-outlinedPrimary MuiButton-sizeMedium MuiButton-outlinedSizeMedium MuiButtonBase-root  css-1rwt2y5-MuiButtonBase-root-MuiButton-root"
                      tabindex="0"
                      type="button"
                    >
                      キャンセル
                      <span
                        class="MuiTouchRipple-root css-8je8zh-MuiTouchRipple-root"
                      />
                    </button>
                  </div>
                </div>
              </div>
            </div>
          </div>
          <hr
            class="MuiDivider-root MuiDivider-fullWidth css-1x1mjen-MuiDivider-root"
          />
        </div>
        <div
          class="MuiBox-root css-8xc5va"
        />
        <div
          class="MuiBox-root css-ao096t"
        >
          <div
            class="MuiBox-root css-0"
          >
            <div
              class="MuiBox-root css-0"
            >
              <div
                class="MuiBox-root css-1xqfl3j"
              >
                <div
                  class="MuiBox-root css-0"
                >
                  <div
                    class="MuiBox-root css-zitybv"
                  >
                    <h4
                      class="MuiTypography-root MuiTypography-h4 MuiTypography-alignCenter css-149xwtl-MuiTypography-root"
                    >
                      基本情報
                    </h4>
                  </div>
                  <table
                    class="MuiTable-root table table-bordered css-rqglhn-MuiTable-root"
                  >
                    <thead
                      class="MuiTableHead-root css-15wwp11-MuiTableHead-root"
                    >
                      <tr
                        class="MuiTableRow-root MuiTableRow-head css-sabv7l-MuiTableRow-root"
                      >
                        <th
                          class="MuiTableCell-root MuiTableCell-head MuiTableCell-sizeMedium css-qs7hxv-MuiTableCell-root"
                          scope="col"
                        >
                          項目
                        </th>
                        <th
                          class="MuiTableCell-root MuiTableCell-head MuiTableCell-sizeMedium css-qs7hxv-MuiTableCell-root"
                          scope="col"
                        >
                          内容
                        </th>
                      </tr>
                    </thead>
                    <tbody
                      class="MuiTableBody-root css-apqrd9-MuiTableBody-root"
                    >
                      <tr
                        class="MuiTableRow-root css-1q1u3t4-MuiTableRow-root"
                      >
                        <td
                          class="MuiTableCell-root MuiTableCell-body MuiTableCell-sizeMedium css-1ex1afd-MuiTableCell-root"
                        >
                          エンティティ名
                        </td>
                        <td
                          class="MuiTableCell-root MuiTableCell-body MuiTableCell-sizeMedium css-1ex1afd-MuiTableCell-root"
                        >
                          <div
                            class="MuiInput-root MuiInput-underline MuiInputBase-root MuiInputBase-colorPrimary Mui-error css-ueb0lb-MuiInputBase-root-MuiInput-root"
                          >
                            <input
                              aria-invalid="true"
                              class="MuiInput-input MuiInputBase-input css-1x51dt5-MuiInputBase-input-MuiInput-input"
                              placeholder="エンティティ名"
                              type="text"
                              value=""
                            />
                          </div>
                        </td>
                      </tr>
                      <tr
                        class="MuiTableRow-root css-1q1u3t4-MuiTableRow-root"
                      >
                        <td
                          class="MuiTableCell-root MuiTableCell-body MuiTableCell-sizeMedium css-1ex1afd-MuiTableCell-root"
                        >
                          備考
                        </td>
                        <td
                          class="MuiTableCell-root MuiTableCell-body MuiTableCell-sizeMedium css-1ex1afd-MuiTableCell-root"
                        >
                          <div
                            class="MuiInput-root MuiInput-underline MuiInputBase-root MuiInputBase-colorPrimary css-ueb0lb-MuiInputBase-root-MuiInput-root"
                          >
                            <input
                              class="MuiInput-input MuiInputBase-input css-1x51dt5-MuiInputBase-input-MuiInput-input"
                              placeholder="備考"
                              type="text"
                              value=""
                            />
                          </div>
                        </td>
                      </tr>
                      <tr
                        class="MuiTableRow-root css-1q1u3t4-MuiTableRow-root"
                      >
                        <td
                          class="MuiTableCell-root MuiTableCell-body MuiTableCell-sizeMedium css-1ex1afd-MuiTableCell-root"
                        >
                          サイドバーに表示
                        </td>
                        <td
                          class="MuiTableCell-root MuiTableCell-body MuiTableCell-sizeMedium css-1ex1afd-MuiTableCell-root"
                        >
                          <span
                            class="MuiCheckbox-root MuiCheckbox-colorPrimary MuiButtonBase-root MuiCheckbox-root MuiCheckbox-colorPrimary PrivateSwitchBase-root css-12wnr2w-MuiButtonBase-root-MuiCheckbox-root"
                          >
                            <input
                              class="PrivateSwitchBase-input css-1m9pwf3"
                              data-indeterminate="false"
                              type="checkbox"
                            />
                            <svg
                              aria-hidden="true"
                              class="MuiSvgIcon-root MuiSvgIcon-fontSizeMedium css-i4bv87-MuiSvgIcon-root"
                              data-testid="CheckBoxOutlineBlankIcon"
                              focusable="false"
                              viewBox="0 0 24 24"
                            >
                              <path
                                d="M19 5v14H5V5h14m0-2H5c-1.1 0-2 .9-2 2v14c0 1.1.9 2 2 2h14c1.1 0 2-.9 2-2V5c0-1.1-.9-2-2-2z"
                              />
                            </svg>
                            <span
                              class="MuiTouchRipple-root css-8je8zh-MuiTouchRipple-root"
                            />
                          </span>
                        </td>
                      </tr>
                    </tbody>
                  </table>
                </div>
                <div
                  class="MuiBox-root css-0"
                >
                  <div
                    class="MuiBox-root css-zitybv"
                  >
                    <h4
                      class="MuiTypography-root MuiTypography-h4 MuiTypography-alignCenter css-149xwtl-MuiTypography-root"
                    >
                      Webhook
                    </h4>
                  </div>
                  <table
                    class="MuiTable-root table table-bordered css-rqglhn-MuiTable-root"
                  >
                    <thead
                      class="MuiTableHead-root css-15wwp11-MuiTableHead-root"
                    >
                      <tr
                        class="MuiTableRow-root MuiTableRow-head css-sabv7l-MuiTableRow-root"
                      >
                        <th
                          class="MuiTableCell-root MuiTableCell-head MuiTableCell-sizeMedium css-qs7hxv-MuiTableCell-root"
                          scope="col"
                        >
                          URL
                        </th>
                        <th
                          class="MuiTableCell-root MuiTableCell-head MuiTableCell-sizeMedium css-qs7hxv-MuiTableCell-root"
                          scope="col"
                        >
                          ラベル
                        </th>
                        <th
                          class="MuiTableCell-root MuiTableCell-head MuiTableCell-sizeMedium css-1ygcj2i-MuiTableCell-root"
                          scope="col"
                        />
                        <th
                          class="MuiTableCell-root MuiTableCell-head MuiTableCell-sizeMedium css-qs7hxv-MuiTableCell-root"
                          scope="col"
                        >
                          URL有効化
                        </th>
                        <th
                          class="MuiTableCell-root MuiTableCell-head MuiTableCell-sizeMedium css-qs7hxv-MuiTableCell-root"
                          scope="col"
                        >
                          削除
                        </th>
                        <th
                          class="MuiTableCell-root MuiTableCell-head MuiTableCell-sizeMedium css-qs7hxv-MuiTableCell-root"
                          scope="col"
                        >
                          追加
                        </th>
                      </tr>
                    </thead>
                    <tbody
                      class="MuiTableBody-root css-apqrd9-MuiTableBody-root"
                    >
                      <tr
                        class="MuiTableRow-root css-1q1u3t4-MuiTableRow-root"
                      >
                        <td
                          class="MuiTableCell-root MuiTableCell-body MuiTableCell-sizeMedium css-1ex1afd-MuiTableCell-root"
                        />
                        <td
                          class="MuiTableCell-root MuiTableCell-body MuiTableCell-sizeMedium css-1ex1afd-MuiTableCell-root"
                        />
                        <td
                          class="MuiTableCell-root MuiTableCell-body MuiTableCell-sizeMedium css-1ex1afd-MuiTableCell-root"
                        />
                        <td
                          class="MuiTableCell-root MuiTableCell-body MuiTableCell-sizeMedium css-1ex1afd-MuiTableCell-root"
                        />
                        <td
                          class="MuiTableCell-root MuiTableCell-body MuiTableCell-sizeMedium css-1ex1afd-MuiTableCell-root"
                        />
                        <td
                          class="MuiTableCell-root MuiTableCell-body MuiTableCell-sizeMedium css-1ex1afd-MuiTableCell-root"
                        >
                          <button
                            class="MuiButtonBase-root MuiIconButton-root MuiIconButton-sizeMedium css-78trlr-MuiButtonBase-root-MuiIconButton-root"
                            tabindex="0"
                            type="button"
                          >
                            <svg
                              aria-hidden="true"
                              class="MuiSvgIcon-root MuiSvgIcon-fontSizeMedium css-i4bv87-MuiSvgIcon-root"
                              data-testid="AddIcon"
                              focusable="false"
                              viewBox="0 0 24 24"
                            >
                              <path
                                d="M19 13h-6v6h-2v-6H5v-2h6V5h2v6h6v2z"
                              />
                            </svg>
                            <span
                              class="MuiTouchRipple-root css-8je8zh-MuiTouchRipple-root"
                            />
                          </button>
                        </td>
                      </tr>
                    </tbody>
                  </table>
                </div>
                <div
                  class="MuiBox-root css-0"
                >
                  <div
                    class="MuiBox-root css-zitybv"
                  >
                    <h4
                      class="MuiTypography-root MuiTypography-h4 MuiTypography-alignCenter css-149xwtl-MuiTypography-root"
                    >
                      属性情報
                    </h4>
                  </div>
                  <table
                    class="MuiTable-root css-rqglhn-MuiTable-root"
                  >
                    <thead
                      class="MuiTableHead-root css-15wwp11-MuiTableHead-root"
                    >
                      <tr
                        class="MuiTableRow-root MuiTableRow-head css-sabv7l-MuiTableRow-root"
                      >
                        <th
                          class="MuiTableCell-root MuiTableCell-head MuiTableCell-sizeMedium css-qs7hxv-MuiTableCell-root"
                          scope="col"
                        >
                          属性名
                        </th>
                        <th
                          class="MuiTableCell-root MuiTableCell-head MuiTableCell-sizeMedium css-qs7hxv-MuiTableCell-root"
                          scope="col"
                        >
                          型
                        </th>
                        <th
                          class="MuiTableCell-root MuiTableCell-head MuiTableCell-sizeMedium css-qs7hxv-MuiTableCell-root"
                          scope="col"
                        >
                          必須
                        </th>
                        <th
                          class="MuiTableCell-root MuiTableCell-head MuiTableCell-sizeMedium css-qs7hxv-MuiTableCell-root"
                          scope="col"
                        >
                          関連削除
                        </th>
                        <th
                          class="MuiTableCell-root MuiTableCell-head MuiTableCell-sizeMedium css-qs7hxv-MuiTableCell-root"
                          scope="col"
                        >
                          並び替え
                        </th>
                        <th
                          class="MuiTableCell-root MuiTableCell-head MuiTableCell-sizeMedium css-qs7hxv-MuiTableCell-root"
                          scope="col"
                        >
                          削除
                        </th>
                        <th
                          class="MuiTableCell-root MuiTableCell-head MuiTableCell-sizeMedium css-qs7hxv-MuiTableCell-root"
                          scope="col"
                        >
                          追加
                        </th>
                        <th
                          class="MuiTableCell-root MuiTableCell-head MuiTableCell-sizeMedium css-qs7hxv-MuiTableCell-root"
                          scope="col"
                        >
                          ACL設定
                        </th>
                      </tr>
                    </thead>
                    <tbody
                      class="MuiTableBody-root css-apqrd9-MuiTableBody-root"
                    >
                      <tr
                        class="MuiTableRow-root makeStyles-highlightedTableRow-12 css-1q1u3t4-MuiTableRow-root"
                      >
                        <td
                          class="MuiTableCell-root MuiTableCell-body MuiTableCell-sizeMedium css-1ex1afd-MuiTableCell-root"
                        />
                        <td
                          class="MuiTableCell-root MuiTableCell-body MuiTableCell-sizeMedium css-1ex1afd-MuiTableCell-root"
                        />
                        <td
                          class="MuiTableCell-root MuiTableCell-body MuiTableCell-sizeMedium css-1ex1afd-MuiTableCell-root"
                        />
                        <td
                          class="MuiTableCell-root MuiTableCell-body MuiTableCell-sizeMedium css-1ex1afd-MuiTableCell-root"
                        />
                        <td
                          class="MuiTableCell-root MuiTableCell-body MuiTableCell-sizeMedium css-1ex1afd-MuiTableCell-root"
                        />
                        <td
                          class="MuiTableCell-root MuiTableCell-body MuiTableCell-sizeMedium css-1ex1afd-MuiTableCell-root"
                        />
                        <td
                          class="MuiTableCell-root MuiTableCell-body MuiTableCell-sizeMedium css-1ex1afd-MuiTableCell-root"
                        >
                          <button
                            class="MuiButtonBase-root MuiIconButton-root MuiIconButton-sizeMedium makeStyles-button-10 css-78trlr-MuiButtonBase-root-MuiIconButton-root"
                            tabindex="0"
                            type="button"
                          >
                            <svg
                              aria-hidden="true"
                              class="MuiSvgIcon-root MuiSvgIcon-fontSizeMedium css-i4bv87-MuiSvgIcon-root"
                              data-testid="AddIcon"
                              focusable="false"
                              viewBox="0 0 24 24"
                            >
                              <path
                                d="M19 13h-6v6h-2v-6H5v-2h6V5h2v6h6v2z"
                              />
                            </svg>
                            <span
                              class="MuiTouchRipple-root css-8je8zh-MuiTouchRipple-root"
                            />
                          </button>
                        </td>
                        <td
                          class="MuiTableCell-root MuiTableCell-body MuiTableCell-sizeMedium css-1ex1afd-MuiTableCell-root"
                        />
                      </tr>
                    </tbody>
                  </table>
                </div>
              </div>
            </div>
          </div>
        </div>
      </div>
    </div>
  </body>,
  "container": <div>
    <div
      class="MuiBox-root css-0"
    >
      <div
        class="MuiBox-root css-1l11j2j"
      >
        <div
          class="makeStyles-wrapper-3 MuiBox-root css-0"
        >
          <div
            class="MuiToolbar-root MuiToolbar-gutters MuiToolbar-regular css-1t29gy6-MuiToolbar-root"
          >
            <nav
              aria-label="breadcrumb"
              class="MuiTypography-root MuiTypography-body1 MuiBreadcrumbs-root css-63vwl1-MuiTypography-root-MuiBreadcrumbs-root"
            >
              <ol
                class="MuiBreadcrumbs-ol css-4pdmu4-MuiBreadcrumbs-ol"
              >
                <li
                  class="MuiBreadcrumbs-li"
                >
                  <a
                    class="MuiTypography-root MuiTypography-body1 css-ahj2mt-MuiTypography-root"
                    href="/new-ui/"
                  >
                    Top
                  </a>
                </li>
                <li
                  aria-hidden="true"
                  class="MuiBreadcrumbs-separator css-1wuw8dw-MuiBreadcrumbs-separator"
                >
                  /
                </li>
                <li
                  class="MuiBreadcrumbs-li"
                >
                  <a
                    class="MuiTypography-root MuiTypography-body1 css-ahj2mt-MuiTypography-root"
                    href="/new-ui/entities"
                  >
                    エンティティ一覧
                  </a>
                </li>
                <li
                  aria-hidden="true"
                  class="MuiBreadcrumbs-separator css-1wuw8dw-MuiBreadcrumbs-separator"
                >
                  /
                </li>
                <li
                  class="MuiBreadcrumbs-li"
                >
                  <p
                    class="MuiTypography-root MuiTypography-body1 css-1gqyz35-MuiTypography-root"
                  >
                    新規エンティティの作成
                  </p>
                </li>
              </ol>
            </nav>
          </div>
        </div>
      </div>
      <div
        class="MuiBox-root css-ca23fy"
      />
      <div
        class="MuiBox-root css-1l11j2j"
      >
        <div
          class="MuiBox-root css-tihedn"
        >
          <div
            class="MuiGrid-root MuiGrid-container css-11lq3yg-MuiGrid-root"
          >
            <div
              class="MuiGrid-root MuiGrid-item MuiGrid-grid-xs-10 css-1uzrzkv-MuiGrid-root"
            >
              <h2
                class="MuiTypography-root MuiTypography-h2 css-1sra7t5-MuiTypography-root"
              >
                新規エンティティの作成
              </h2>
            </div>
            <div
              class="MuiGrid-root MuiGrid-item MuiGrid-grid-xs-2 css-a0vo9r-MuiGrid-root"
            >
              <div
                class="MuiBox-root css-17772hy"
              >
                <div
                  class="MuiBox-root css-qbrse1"
                >
                  <button
                    class="MuiButton-root MuiButton-contained MuiButton-containedSecondary MuiButton-sizeMedium MuiButton-containedSizeMedium MuiButtonBase-root Mui-disabled  css-zcbmsk-MuiButtonBase-root-MuiButton-root"
                    disabled=""
                    tabindex="-1"
                    type="button"
                  >
                    保存
                  </button>
                </div>
                <div
                  class="MuiBox-root css-qbrse1"
                >
                  <button
                    class="MuiButton-root MuiButton-outlined MuiButton-outlinedPrimary MuiButton-sizeMedium MuiButton-outlinedSizeMedium MuiButtonBase-root  css-1rwt2y5-MuiButtonBase-root-MuiButton-root"
                    tabindex="0"
                    type="button"
                  >
                    キャンセル
                    <span
                      class="MuiTouchRipple-root css-8je8zh-MuiTouchRipple-root"
                    />
                  </button>
                </div>
              </div>
            </div>
          </div>
        </div>
        <hr
          class="MuiDivider-root MuiDivider-fullWidth css-1x1mjen-MuiDivider-root"
        />
      </div>
      <div
        class="MuiBox-root css-8xc5va"
      />
      <div
        class="MuiBox-root css-ao096t"
      >
        <div
          class="MuiBox-root css-0"
        >
          <div
            class="MuiBox-root css-0"
          >
            <div
              class="MuiBox-root css-1xqfl3j"
            >
              <div
                class="MuiBox-root css-0"
              >
                <div
                  class="MuiBox-root css-zitybv"
                >
                  <h4
                    class="MuiTypography-root MuiTypography-h4 MuiTypography-alignCenter css-149xwtl-MuiTypography-root"
                  >
                    基本情報
                  </h4>
                </div>
                <table
                  class="MuiTable-root table table-bordered css-rqglhn-MuiTable-root"
                >
                  <thead
                    class="MuiTableHead-root css-15wwp11-MuiTableHead-root"
                  >
                    <tr
                      class="MuiTableRow-root MuiTableRow-head css-sabv7l-MuiTableRow-root"
                    >
                      <th
                        class="MuiTableCell-root MuiTableCell-head MuiTableCell-sizeMedium css-qs7hxv-MuiTableCell-root"
                        scope="col"
                      >
                        項目
                      </th>
                      <th
                        class="MuiTableCell-root MuiTableCell-head MuiTableCell-sizeMedium css-qs7hxv-MuiTableCell-root"
                        scope="col"
                      >
                        内容
                      </th>
                    </tr>
                  </thead>
                  <tbody
                    class="MuiTableBody-root css-apqrd9-MuiTableBody-root"
                  >
                    <tr
                      class="MuiTableRow-root css-1q1u3t4-MuiTableRow-root"
                    >
                      <td
                        class="MuiTableCell-root MuiTableCell-body MuiTableCell-sizeMedium css-1ex1afd-MuiTableCell-root"
                      >
                        エンティティ名
                      </td>
                      <td
                        class="MuiTableCell-root MuiTableCell-body MuiTableCell-sizeMedium css-1ex1afd-MuiTableCell-root"
                      >
                        <div
                          class="MuiInput-root MuiInput-underline MuiInputBase-root MuiInputBase-colorPrimary Mui-error css-ueb0lb-MuiInputBase-root-MuiInput-root"
                        >
                          <input
                            aria-invalid="true"
                            class="MuiInput-input MuiInputBase-input css-1x51dt5-MuiInputBase-input-MuiInput-input"
                            placeholder="エンティティ名"
                            type="text"
                            value=""
                          />
                        </div>
                      </td>
                    </tr>
                    <tr
                      class="MuiTableRow-root css-1q1u3t4-MuiTableRow-root"
                    >
                      <td
                        class="MuiTableCell-root MuiTableCell-body MuiTableCell-sizeMedium css-1ex1afd-MuiTableCell-root"
                      >
                        備考
                      </td>
                      <td
                        class="MuiTableCell-root MuiTableCell-body MuiTableCell-sizeMedium css-1ex1afd-MuiTableCell-root"
                      >
                        <div
                          class="MuiInput-root MuiInput-underline MuiInputBase-root MuiInputBase-colorPrimary css-ueb0lb-MuiInputBase-root-MuiInput-root"
                        >
                          <input
                            class="MuiInput-input MuiInputBase-input css-1x51dt5-MuiInputBase-input-MuiInput-input"
                            placeholder="備考"
                            type="text"
                            value=""
                          />
                        </div>
                      </td>
                    </tr>
                    <tr
                      class="MuiTableRow-root css-1q1u3t4-MuiTableRow-root"
                    >
                      <td
                        class="MuiTableCell-root MuiTableCell-body MuiTableCell-sizeMedium css-1ex1afd-MuiTableCell-root"
                      >
                        サイドバーに表示
                      </td>
                      <td
                        class="MuiTableCell-root MuiTableCell-body MuiTableCell-sizeMedium css-1ex1afd-MuiTableCell-root"
                      >
                        <span
                          class="MuiCheckbox-root MuiCheckbox-colorPrimary MuiButtonBase-root MuiCheckbox-root MuiCheckbox-colorPrimary PrivateSwitchBase-root css-12wnr2w-MuiButtonBase-root-MuiCheckbox-root"
                        >
                          <input
                            class="PrivateSwitchBase-input css-1m9pwf3"
                            data-indeterminate="false"
                            type="checkbox"
                          />
                          <svg
                            aria-hidden="true"
                            class="MuiSvgIcon-root MuiSvgIcon-fontSizeMedium css-i4bv87-MuiSvgIcon-root"
                            data-testid="CheckBoxOutlineBlankIcon"
                            focusable="false"
                            viewBox="0 0 24 24"
                          >
                            <path
                              d="M19 5v14H5V5h14m0-2H5c-1.1 0-2 .9-2 2v14c0 1.1.9 2 2 2h14c1.1 0 2-.9 2-2V5c0-1.1-.9-2-2-2z"
                            />
                          </svg>
                          <span
                            class="MuiTouchRipple-root css-8je8zh-MuiTouchRipple-root"
                          />
                        </span>
                      </td>
                    </tr>
                  </tbody>
                </table>
              </div>
              <div
                class="MuiBox-root css-0"
              >
                <div
                  class="MuiBox-root css-zitybv"
                >
                  <h4
                    class="MuiTypography-root MuiTypography-h4 MuiTypography-alignCenter css-149xwtl-MuiTypography-root"
                  >
                    Webhook
                  </h4>
                </div>
                <table
                  class="MuiTable-root table table-bordered css-rqglhn-MuiTable-root"
                >
                  <thead
                    class="MuiTableHead-root css-15wwp11-MuiTableHead-root"
                  >
                    <tr
                      class="MuiTableRow-root MuiTableRow-head css-sabv7l-MuiTableRow-root"
                    >
                      <th
                        class="MuiTableCell-root MuiTableCell-head MuiTableCell-sizeMedium css-qs7hxv-MuiTableCell-root"
                        scope="col"
                      >
                        URL
                      </th>
                      <th
                        class="MuiTableCell-root MuiTableCell-head MuiTableCell-sizeMedium css-qs7hxv-MuiTableCell-root"
                        scope="col"
                      >
                        ラベル
                      </th>
                      <th
                        class="MuiTableCell-root MuiTableCell-head MuiTableCell-sizeMedium css-1ygcj2i-MuiTableCell-root"
                        scope="col"
                      />
                      <th
                        class="MuiTableCell-root MuiTableCell-head MuiTableCell-sizeMedium css-qs7hxv-MuiTableCell-root"
                        scope="col"
                      >
                        URL有効化
                      </th>
                      <th
                        class="MuiTableCell-root MuiTableCell-head MuiTableCell-sizeMedium css-qs7hxv-MuiTableCell-root"
                        scope="col"
                      >
                        削除
                      </th>
                      <th
                        class="MuiTableCell-root MuiTableCell-head MuiTableCell-sizeMedium css-qs7hxv-MuiTableCell-root"
                        scope="col"
                      >
                        追加
                      </th>
                    </tr>
                  </thead>
                  <tbody
                    class="MuiTableBody-root css-apqrd9-MuiTableBody-root"
                  >
                    <tr
                      class="MuiTableRow-root css-1q1u3t4-MuiTableRow-root"
                    >
                      <td
                        class="MuiTableCell-root MuiTableCell-body MuiTableCell-sizeMedium css-1ex1afd-MuiTableCell-root"
                      />
                      <td
                        class="MuiTableCell-root MuiTableCell-body MuiTableCell-sizeMedium css-1ex1afd-MuiTableCell-root"
                      />
                      <td
                        class="MuiTableCell-root MuiTableCell-body MuiTableCell-sizeMedium css-1ex1afd-MuiTableCell-root"
                      />
                      <td
                        class="MuiTableCell-root MuiTableCell-body MuiTableCell-sizeMedium css-1ex1afd-MuiTableCell-root"
                      />
                      <td
                        class="MuiTableCell-root MuiTableCell-body MuiTableCell-sizeMedium css-1ex1afd-MuiTableCell-root"
                      />
                      <td
                        class="MuiTableCell-root MuiTableCell-body MuiTableCell-sizeMedium css-1ex1afd-MuiTableCell-root"
                      >
                        <button
                          class="MuiButtonBase-root MuiIconButton-root MuiIconButton-sizeMedium css-78trlr-MuiButtonBase-root-MuiIconButton-root"
                          tabindex="0"
                          type="button"
                        >
                          <svg
                            aria-hidden="true"
                            class="MuiSvgIcon-root MuiSvgIcon-fontSizeMedium css-i4bv87-MuiSvgIcon-root"
                            data-testid="AddIcon"
                            focusable="false"
                            viewBox="0 0 24 24"
                          >
                            <path
                              d="M19 13h-6v6h-2v-6H5v-2h6V5h2v6h6v2z"
                            />
                          </svg>
                          <span
                            class="MuiTouchRipple-root css-8je8zh-MuiTouchRipple-root"
                          />
                        </button>
                      </td>
                    </tr>
                  </tbody>
                </table>
              </div>
              <div
                class="MuiBox-root css-0"
              >
                <div
                  class="MuiBox-root css-zitybv"
                >
                  <h4
                    class="MuiTypography-root MuiTypography-h4 MuiTypography-alignCenter css-149xwtl-MuiTypography-root"
                  >
                    属性情報
                  </h4>
                </div>
                <table
                  class="MuiTable-root css-rqglhn-MuiTable-root"
                >
                  <thead
                    class="MuiTableHead-root css-15wwp11-MuiTableHead-root"
                  >
                    <tr
                      class="MuiTableRow-root MuiTableRow-head css-sabv7l-MuiTableRow-root"
                    >
                      <th
                        class="MuiTableCell-root MuiTableCell-head MuiTableCell-sizeMedium css-qs7hxv-MuiTableCell-root"
                        scope="col"
                      >
                        属性名
                      </th>
                      <th
                        class="MuiTableCell-root MuiTableCell-head MuiTableCell-sizeMedium css-qs7hxv-MuiTableCell-root"
                        scope="col"
                      >
                        型
                      </th>
                      <th
                        class="MuiTableCell-root MuiTableCell-head MuiTableCell-sizeMedium css-qs7hxv-MuiTableCell-root"
                        scope="col"
                      >
                        必須
                      </th>
                      <th
                        class="MuiTableCell-root MuiTableCell-head MuiTableCell-sizeMedium css-qs7hxv-MuiTableCell-root"
                        scope="col"
                      >
                        関連削除
                      </th>
                      <th
                        class="MuiTableCell-root MuiTableCell-head MuiTableCell-sizeMedium css-qs7hxv-MuiTableCell-root"
                        scope="col"
                      >
                        並び替え
                      </th>
                      <th
                        class="MuiTableCell-root MuiTableCell-head MuiTableCell-sizeMedium css-qs7hxv-MuiTableCell-root"
                        scope="col"
                      >
                        削除
                      </th>
                      <th
                        class="MuiTableCell-root MuiTableCell-head MuiTableCell-sizeMedium css-qs7hxv-MuiTableCell-root"
                        scope="col"
                      >
                        追加
                      </th>
                      <th
                        class="MuiTableCell-root MuiTableCell-head MuiTableCell-sizeMedium css-qs7hxv-MuiTableCell-root"
                        scope="col"
                      >
                        ACL設定
                      </th>
                    </tr>
                  </thead>
                  <tbody
                    class="MuiTableBody-root css-apqrd9-MuiTableBody-root"
                  >
                    <tr
                      class="MuiTableRow-root makeStyles-highlightedTableRow-12 css-1q1u3t4-MuiTableRow-root"
                    >
                      <td
                        class="MuiTableCell-root MuiTableCell-body MuiTableCell-sizeMedium css-1ex1afd-MuiTableCell-root"
                      />
                      <td
                        class="MuiTableCell-root MuiTableCell-body MuiTableCell-sizeMedium css-1ex1afd-MuiTableCell-root"
                      />
                      <td
                        class="MuiTableCell-root MuiTableCell-body MuiTableCell-sizeMedium css-1ex1afd-MuiTableCell-root"
                      />
                      <td
                        class="MuiTableCell-root MuiTableCell-body MuiTableCell-sizeMedium css-1ex1afd-MuiTableCell-root"
                      />
                      <td
                        class="MuiTableCell-root MuiTableCell-body MuiTableCell-sizeMedium css-1ex1afd-MuiTableCell-root"
                      />
                      <td
                        class="MuiTableCell-root MuiTableCell-body MuiTableCell-sizeMedium css-1ex1afd-MuiTableCell-root"
                      />
                      <td
                        class="MuiTableCell-root MuiTableCell-body MuiTableCell-sizeMedium css-1ex1afd-MuiTableCell-root"
                      >
                        <button
                          class="MuiButtonBase-root MuiIconButton-root MuiIconButton-sizeMedium makeStyles-button-10 css-78trlr-MuiButtonBase-root-MuiIconButton-root"
                          tabindex="0"
                          type="button"
                        >
                          <svg
                            aria-hidden="true"
                            class="MuiSvgIcon-root MuiSvgIcon-fontSizeMedium css-i4bv87-MuiSvgIcon-root"
                            data-testid="AddIcon"
                            focusable="false"
                            viewBox="0 0 24 24"
                          >
                            <path
                              d="M19 13h-6v6h-2v-6H5v-2h6V5h2v6h6v2z"
                            />
                          </svg>
                          <span
                            class="MuiTouchRipple-root css-8je8zh-MuiTouchRipple-root"
                          />
                        </button>
                      </td>
                      <td
                        class="MuiTableCell-root MuiTableCell-body MuiTableCell-sizeMedium css-1ex1afd-MuiTableCell-root"
                      />
                    </tr>
                  </tbody>
                </table>
              </div>
            </div>
          </div>
        </div>
      </div>
    </div>
  </div>,
  "debug": [Function],
  "findAllByAltText": [Function],
  "findAllByDisplayValue": [Function],
  "findAllByLabelText": [Function],
  "findAllByPlaceholderText": [Function],
  "findAllByRole": [Function],
  "findAllByTestId": [Function],
  "findAllByText": [Function],
  "findAllByTitle": [Function],
  "findByAltText": [Function],
  "findByDisplayValue": [Function],
  "findByLabelText": [Function],
  "findByPlaceholderText": [Function],
  "findByRole": [Function],
  "findByTestId": [Function],
  "findByText": [Function],
  "findByTitle": [Function],
  "getAllByAltText": [Function],
  "getAllByDisplayValue": [Function],
  "getAllByLabelText": [Function],
  "getAllByPlaceholderText": [Function],
  "getAllByRole": [Function],
  "getAllByTestId": [Function],
  "getAllByText": [Function],
  "getAllByTitle": [Function],
  "getByAltText": [Function],
  "getByDisplayValue": [Function],
  "getByLabelText": [Function],
  "getByPlaceholderText": [Function],
  "getByRole": [Function],
  "getByTestId": [Function],
  "getByText": [Function],
  "getByTitle": [Function],
  "queryAllByAltText": [Function],
  "queryAllByDisplayValue": [Function],
  "queryAllByLabelText": [Function],
  "queryAllByPlaceholderText": [Function],
  "queryAllByRole": [Function],
  "queryAllByTestId": [Function],
  "queryAllByText": [Function],
  "queryAllByTitle": [Function],
  "queryByAltText": [Function],
  "queryByDisplayValue": [Function],
  "queryByLabelText": [Function],
  "queryByPlaceholderText": [Function],
  "queryByRole": [Function],
  "queryByTestId": [Function],
  "queryByText": [Function],
  "queryByTitle": [Function],
  "rerender": [Function],
  "unmount": [Function],
}
`;
