// Jest Snapshot v1, https://goo.gl/fbAQLP

exports[`should match snapshot 1`] = `
{
  "asFragment": [Function],
  "baseElement": <body>
    <div>
      <h2>
        Unexpected Application Error!
      </h2>
      <h3
        style="font-style: italic;"
      >
        [object Response]
      </h3>
      <pre
        style="padding: 0.5rem; background-color: rgba(200, 200, 200, 0.5);"
      >
        NotFoundError: [object Response]
    at toError (/home/dooga/pagoda/frontend/src/services/AironeAPIErrorUtil.ts:159:16)
    at /home/dooga/pagoda/frontend/src/hooks/usePagodaSWR.ts:11:34
    at processTicksAndRejections (node:internal/process/task_queues:95:5)
    at /home/dooga/pagoda/node_modules/swr/dist/index/index.js:409:23
      </pre>
      <p>
        💿 Hey developer 👋
      </p>
      <p>
        You can provide a way better UX than this when your app throws errors by providing your own 
        <code
          style="padding: 2px 4px; background-color: rgba(200, 200, 200, 0.5);"
        >
          ErrorBoundary
        </code>
         or
         
        <code
          style="padding: 2px 4px; background-color: rgba(200, 200, 200, 0.5);"
        >
          errorElement
        </code>
         prop on your route.
      </p>
    </div>
  </body>,
  "container": <div>
    <h2>
      Unexpected Application Error!
    </h2>
    <h3
      style="font-style: italic;"
    >
      [object Response]
    </h3>
    <pre
      style="padding: 0.5rem; background-color: rgba(200, 200, 200, 0.5);"
    >
      NotFoundError: [object Response]
    at toError (/home/dooga/pagoda/frontend/src/services/AironeAPIErrorUtil.ts:159:16)
    at /home/dooga/pagoda/frontend/src/hooks/usePagodaSWR.ts:11:34
    at processTicksAndRejections (node:internal/process/task_queues:95:5)
    at /home/dooga/pagoda/node_modules/swr/dist/index/index.js:409:23
    </pre>
    <p>
      💿 Hey developer 👋
    </p>
    <p>
      You can provide a way better UX than this when your app throws errors by providing your own 
      <code
        style="padding: 2px 4px; background-color: rgba(200, 200, 200, 0.5);"
      >
        ErrorBoundary
      </code>
       or
       
      <code
        style="padding: 2px 4px; background-color: rgba(200, 200, 200, 0.5);"
      >
        errorElement
      </code>
       prop on your route.
    </p>
  </div>,
  "debug": [Function],
  "findAllByAltText": [Function],
  "findAllByDisplayValue": [Function],
  "findAllByLabelText": [Function],
  "findAllByPlaceholderText": [Function],
  "findAllByRole": [Function],
  "findAllByTestId": [Function],
  "findAllByText": [Function],
  "findAllByTitle": [Function],
  "findByAltText": [Function],
  "findByDisplayValue": [Function],
  "findByLabelText": [Function],
  "findByPlaceholderText": [Function],
  "findByRole": [Function],
  "findByTestId": [Function],
  "findByText": [Function],
  "findByTitle": [Function],
  "getAllByAltText": [Function],
  "getAllByDisplayValue": [Function],
  "getAllByLabelText": [Function],
  "getAllByPlaceholderText": [Function],
  "getAllByRole": [Function],
  "getAllByTestId": [Function],
  "getAllByText": [Function],
  "getAllByTitle": [Function],
  "getByAltText": [Function],
  "getByDisplayValue": [Function],
  "getByLabelText": [Function],
  "getByPlaceholderText": [Function],
  "getByRole": [Function],
  "getByTestId": [Function],
  "getByText": [Function],
  "getByTitle": [Function],
  "queryAllByAltText": [Function],
  "queryAllByDisplayValue": [Function],
  "queryAllByLabelText": [Function],
  "queryAllByPlaceholderText": [Function],
  "queryAllByRole": [Function],
  "queryAllByTestId": [Function],
  "queryAllByText": [Function],
  "queryAllByTitle": [Function],
  "queryByAltText": [Function],
  "queryByDisplayValue": [Function],
  "queryByLabelText": [Function],
  "queryByPlaceholderText": [Function],
  "queryByRole": [Function],
  "queryByTestId": [Function],
  "queryByText": [Function],
  "queryByTitle": [Function],
  "rerender": [Function],
  "unmount": [Function],
}
`;
